[xUnit.net 00:00:03.73]     SonnetDB.Core.Tests.Backup.BackupServiceTests.CreateRestore_WithDocumentCollection_UsesOrderedKvSegmentAndRestoresIndexes [FAIL]
[xUnit.net 00:00:04.19]     SonnetDB.Core.Tests.Backup.BackupServiceTests.CreateRestore_WithPropertyGraph_RecordsMappingSummaryAndReopensCatalog [FAIL]
[xUnit.net 00:00:04.76]     SonnetDB.Core.Tests.Backup.BackupServiceTests.Create_DuringGraphCommit_BlocksPublishAndRestoresCheckpointState [FAIL]
[xUnit.net 00:00:04.98]     SonnetDB.Core.Tests.Backup.BackupServiceTests.CreateRestore_WithIncompleteGraphMaintenance_PreservesAndResumesSidecar [FAIL]
[xUnit.net 00:00:05.15]     SonnetDB.Core.Tests.Backup.BackupServiceTests.CreateRestore_WithGraph_RecordsV2SummaryAndReopensRestoredStore [FAIL]
[xUnit.net 00:00:55.60]     SonnetDB.Core.Tests.Graphs.GraphOfflineAlgorithmTests.RunOfflineAlgorithms_GraphOutputPreservesPropertiesAndIsIdempotentAfterReopen [FAIL]
[xUnit.net 00:00:55.64]     SonnetDB.Core.Tests.Graphs.GraphOfflineAlgorithmTests.RunOfflineAlgorithms_TableOutputResumesAndPublishesVersionedResults [FAIL]
[xUnit.net 00:00:55.68]     SonnetDB.Core.Tests.Graphs.GraphOfflineAlgorithmTests.RunOfflineAlgorithms_PreCanceledOperationCanResumeFromDurableManifest [FAIL]
[xUnit.net 00:00:55.71]     SonnetDB.Core.Tests.Graphs.GraphOfflineAlgorithmTests.RunOfflineAlgorithms_SourceChangesDuringSnapshotCollection_RejectsResume [FAIL]
[xUnit.net 00:00:55.75]     SonnetDB.Core.Tests.Graphs.GraphOfflineAlgorithmTests.RunOfflineAlgorithms_CorruptedManifest_RejectsResume [FAIL]
[xUnit.net 00:01:05.79]     SonnetDB.Core.Tests.SemanticContent.RagGenerationSearchTests.SearchAsync_ProfileMismatch_RejectsEvenEmptyGeneration(mismatch: "normalization") [FAIL]
[xUnit.net 00:01:05.85]     SonnetDB.Core.Tests.SemanticContent.RagGenerationSearchTests.SearchAsync_ProfileMismatch_RejectsEvenEmptyGeneration(mismatch: "model") [FAIL]
[xUnit.net 00:01:05.91]     SonnetDB.Core.Tests.SemanticContent.RagGenerationSearchTests.SearchAsync_ProfileMismatch_RejectsEvenEmptyGeneration(mismatch: "revision") [FAIL]
[xUnit.net 00:01:05.98]     SonnetDB.Core.Tests.SemanticContent.RagGenerationSearchTests.SearchAsync_ProfileMismatch_RejectsEvenEmptyGeneration(mismatch: "id") [FAIL]
[xUnit.net 00:01:06.06]     SonnetDB.Core.Tests.SemanticContent.RagGenerationSearchTests.SearchAsync_UnnormalizedInnerProduct_PreservesNearestBeforeWindowAndFusion(candidateCount: 1, alphaIsNearest: True) [FAIL]
[xUnit.net 00:01:06.12]     SonnetDB.Core.Tests.SemanticContent.RagGenerationSearchTests.SearchAsync_UnnormalizedInnerProduct_PreservesNearestBeforeWindowAndFusion(candidateCount: 2, alphaIsNearest: False) [FAIL]
[xUnit.net 00:01:06.19]     SonnetDB.Core.Tests.SemanticContent.RagGenerationSearchTests.SearchAsync_UnnormalizedInnerProduct_PreservesNearestBeforeWindowAndFusion(candidateCount: 1, alphaIsNearest: False) [FAIL]
[xUnit.net 00:01:06.26]     SonnetDB.Core.Tests.SemanticContent.RagGenerationSearchTests.SearchAsync_UnnormalizedInnerProduct_PreservesNearestBeforeWindowAndFusion(candidateCount: 2, alphaIsNearest: True) [FAIL]
[xUnit.net 00:01:06.31]     SonnetDB.Core.Tests.SemanticContent.RagGenerationSearchTests.SearchAsync_BudgetsAndCancellation_RejectAndReleaseLease [FAIL]
[xUnit.net 00:01:06.42]     SonnetDB.Core.Tests.SemanticContent.RagGenerationSearchTests.SearchAsync_AuthorizedIds_RestrictsBothRetrievalAndReranker [FAIL]
[xUnit.net 00:01:06.49]     SonnetDB.Core.Tests.SemanticContent.RagGenerationSearchTests.SearchAsync_GenerationChangesDuringRerank_HoldsOldLeaseUntilCompletion [FAIL]
[xUnit.net 00:01:06.55]     SonnetDB.Core.Tests.SemanticContent.RagGenerationSearchTests.SearchAsync_RealPublishedIndexes_ReopenAndReplacementRemainConsistent [FAIL]
[xUnit.net 00:01:21.56]     SonnetDB.Core.Tests.Cli.RagOnlineCommandTests.Ingest_CancelledHttpCall_LeavesTaskResumable [FAIL]
[xUnit.net 00:01:21.63]     SonnetDB.Core.Tests.Cli.RagOnlineCommandTests.Ingest_InvalidProtocol_DoesNotRetryOrPublish(payload: "{\"data\":[{\"index\":2,\"embedding\":[1,0]}]}") [FAIL]
[xUnit.net 00:01:21.70]     SonnetDB.Core.Tests.Cli.RagOnlineCommandTests.Ingest_InvalidProtocol_DoesNotRetryOrPublish(payload: "{\"model\":\"other\",\"data\":[{\"index\":0,\"embe"···) [FAIL]
[xUnit.net 00:01:21.78]     SonnetDB.Core.Tests.Cli.RagOnlineCommandTests.Ingest_InvalidProtocol_DoesNotRetryOrPublish(payload: "{\"data\":[null]}") [FAIL]
[xUnit.net 00:01:21.86]     SonnetDB.Core.Tests.Cli.RagOnlineCommandTests.Ingest_OnlineProfile_PublishesAndAuditsWithoutSecrets [FAIL]
[xUnit.net 00:01:21.93]     SonnetDB.Core.Tests.Cli.RagOnlineCommandTests.Ingest_ProviderFailure_PreservesOldGenerationAndResumesFrozenTask [FAIL]
[xUnit.net 00:01:24.18]     SonnetDB.Core.Tests.SemanticContent.RagIngestionManagementTests.RebuildAsync_UnchangedSnapshot_ReembedsAndKeepsLeasedOldGeneration [FAIL]
[xUnit.net 00:01:24.26]     SonnetDB.Core.Tests.SemanticContent.RagIngestionManagementTests.DiscardPendingAsync_PublishedLeftoverOrDamagedPublishedResource_NeverDropsPublishedData [FAIL]
[xUnit.net 00:01:24.33]     SonnetDB.Core.Tests.SemanticContent.RagIngestionManagementTests.GetStatusAsync_OverBudgetCheckpoint_FailsWithoutReturningPartialMetadata [FAIL]
[xUnit.net 00:01:24.40]     SonnetDB.Core.Tests.SemanticContent.RagIngestionManagementTests.RebuildAsync_StaleRevisionOrChangedSameProfile_RejectsBeforeProvider [FAIL]
[xUnit.net 00:01:24.47]     SonnetDB.Core.Tests.SemanticContent.RagIngestionManagementTests.RebuildAsync_ChangedProfileIdFromRetainedHistory_RejectsBeforeProvider [FAIL]
[xUnit.net 00:01:24.66]     SonnetDB.Core.Tests.SemanticContent.RagIngestionManagementTests.RebuildAsync_CancelledProvider_LeavesOldActiveAndInspectablePending [FAIL]
[xUnit.net 00:01:24.74]     SonnetDB.Core.Tests.SemanticContent.RagIngestionManagementTests.GetStatusAsync_FreshAndPublished_ReturnsMetadataWithoutCreatingStorageOrLeakingContent [FAIL]
[xUnit.net 00:01:24.82]     SonnetDB.Core.Tests.SemanticContent.RagIngestionManagementTests.CleanupRetiredAsync_CorruptActiveSnapshot_PreservesRetiredGeneration [FAIL]
[xUnit.net 00:01:24.89]     SonnetDB.Core.Tests.SemanticContent.RagIngestionManagementTests.CleanupRetiredAsync_BoundedAndConditional_InspectsOnlyRequestedBatch [FAIL]
[xUnit.net 00:01:24.96]     SonnetDB.Core.Tests.SemanticContent.RagIngestionManagementTests.ResumeAndDiscardAsync_IdentityAndRevisionPreconditions_PreserveUnrelatedPending [FAIL]
[xUnit.net 00:01:25.04]     SonnetDB.Core.Tests.SemanticContent.RagIngestionManagementTests.RebuildAsync_NewProfileFailure_ReopenResumesOnlyCompletedStagingChunks [FAIL]
[xUnit.net 00:01:42.79]     SonnetDB.Core.Tests.Ado.SonnetDBVectorLifecycleTests.PreflightRagAsync_CatalogDriftsFromPersistentProfile_RejectsContract(dimensions: 3, metric: L2) [FAIL]
[xUnit.net 00:01:42.87]     SonnetDB.Core.Tests.Ado.SonnetDBVectorLifecycleTests.PreflightRagAsync_CatalogDriftsFromPersistentProfile_RejectsContract(dimensions: 2, metric: Cosine) [FAIL]
[xUnit.net 00:01:43.10]     SonnetDB.Core.Tests.Ado.SonnetDBVectorLifecycleTests.PreflightRagAsync_SameIdDifferentContract_RejectsProfile(field: "null_egress") [FAIL]
[xUnit.net 00:01:43.17]     SonnetDB.Core.Tests.Ado.SonnetDBVectorLifecycleTests.PreflightRagAsync_SameIdDifferentContract_RejectsProfile(field: "egress") [FAIL]
[xUnit.net 00:01:43.24]     SonnetDB.Core.Tests.Ado.SonnetDBVectorLifecycleTests.PreflightRagAsync_SameIdDifferentContract_RejectsProfile(field: "revision") [FAIL]
[xUnit.net 00:01:43.31]     SonnetDB.Core.Tests.Ado.SonnetDBVectorLifecycleTests.PreflightRagAsync_SameIdDifferentContract_RejectsProfile(field: "normalization") [FAIL]
[xUnit.net 00:01:43.38]     SonnetDB.Core.Tests.Ado.SonnetDBVectorLifecycleTests.PreflightRagAsync_SameIdDifferentContract_RejectsProfile(field: "provider") [FAIL]
[xUnit.net 00:01:43.44]     SonnetDB.Core.Tests.Ado.SonnetDBVectorLifecycleTests.PreflightRagAsync_SameIdDifferentContract_RejectsProfile(field: "modalities") [FAIL]
[xUnit.net 00:01:43.51]     SonnetDB.Core.Tests.Ado.SonnetDBVectorLifecycleTests.PreflightRagAsync_SameIdDifferentContract_RejectsProfile(field: "null_modalities") [FAIL]
[xUnit.net 00:01:43.58]     SonnetDB.Core.Tests.Ado.SonnetDBVectorLifecycleTests.PreflightRagAsync_SameIdDifferentContract_RejectsProfile(field: "model") [FAIL]
[xUnit.net 00:01:43.92]     SonnetDB.Core.Tests.Ado.SonnetDBVectorLifecycleTests.EnsureMatchingGeneration_StatusFromRetiredGeneration_RejectsMixedSnapshot [FAIL]
[xUnit.net 00:01:43.97]     SonnetDB.Core.Tests.Ado.SonnetDBVectorLifecycleTests.PreflightRagAsync_PublishedProfile_UsesPersistentGeneration [FAIL]
[xUnit.net 00:01:44.04]     SonnetDB.Core.Tests.Ado.SonnetDBVectorLifecycleTests.PreflightRagAsync_NormalizationAndCosineZero_MatchesSearchConstraints [FAIL]
[xUnit.net 00:01:48.55]     SonnetDB.Core.Tests.SemanticContent.RagIngestionWriterTests.ResumeAsync_MissingPersistedCollectionField_RejectsWithoutPublishingDeletion(field: "chunks") [FAIL]
[xUnit.net 00:01:48.61]     SonnetDB.Core.Tests.SemanticContent.RagIngestionWriterTests.ResumeAsync_MissingPersistedCollectionField_RejectsWithoutPublishingDeletion(field: "snapshot") [FAIL]
[xUnit.net 00:01:48.68]     SonnetDB.Core.Tests.SemanticContent.RagIngestionWriterTests.ResumeAsync_MissingPersistedCollectionField_RejectsWithoutPublishingDeletion(field: "manifests") [FAIL]
[xUnit.net 00:01:48.79]     SonnetDB.Core.Tests.SemanticContent.RagIngestionWriterTests.WriteAsync_AddUpdateDelete_ReopenQueriesAndRetiredCleanupReflectCompleteSnapshot [FAIL]
[xUnit.net 00:01:58.87]     SonnetDB.Core.Tests.SemanticContent.RagIngestionWriterTests.WriteAsync_ConcurrentWriterWaitingForSameDatabase_CanCancelWithoutChangingPendingJob [FAIL]
[xUnit.net 00:01:58.94]     SonnetDB.Core.Tests.SemanticContent.RagIngestionWriterTests.ResumeAsync_CancellationAfterOneChunk_RetainsProgressAndDoesNotRetryCancellation [FAIL]
[xUnit.net 00:01:59.02]     SonnetDB.Core.Tests.SemanticContent.RagIngestionWriterTests.ResumeAsync_PrimaryDocumentCommitBeforeDerivedFailure_RepairsBothIndexesWithoutReembedding [FAIL]
[xUnit.net 00:01:59.09]     SonnetDB.Core.Tests.SemanticContent.RagIngestionWriterTests.WriteAsync_L2ProfileWithUnnormalizedVector_RejectsBeforePublishing [FAIL]
[xUnit.net 00:01:59.15]     SonnetDB.Core.Tests.SemanticContent.RagIngestionWriterTests.WriteAsync_ProfileReplacement_ReembedsAndRejectsChangingExistingProfileIdentity [FAIL]
[xUnit.net 00:01:59.25]     SonnetDB.Core.Tests.SemanticContent.RagIngestionWriterTests.ResumeAsync_FailureBeforeAtomicPublishAndCrash_ReusesCompleteStagingWithoutPartialActive [FAIL]
[xUnit.net 00:01:59.32]     SonnetDB.Core.Tests.SemanticContent.RagIngestionWriterTests.ResumeAsync_ProfileMismatch_RejectsBeforeProviderOrPublication [FAIL]
[xUnit.net 00:01:59.43]     SonnetDB.Core.Tests.SemanticContent.RagIngestionWriterTests.WriteAsync_TransientProviderErrors_RetriesOnlyWithinConfiguredBudget [FAIL]
[xUnit.net 00:01:59.49]     SonnetDB.Core.Tests.SemanticContent.RagIngestionWriterTests.ResumeAsync_FailureAfterOneChunkAndReopen_ReusesDurableProgressWithoutPublishingPartialData [FAIL]
[xUnit.net 00:01:59.56]     SonnetDB.Core.Tests.SemanticContent.RagIngestionWriterTests.DiscardPendingAsync_UnfinishedJob_RemovesOnlyStagingAndAllowsNewSnapshot [FAIL]
[xUnit.net 00:01:59.63]     SonnetDB.Core.Tests.SemanticContent.RagIngestionWriterTests.WriteAsync_UnchangedChunks_ReusesVectorsAndNoopKeepsRevision [FAIL]
[xUnit.net 00:01:59.71]     SonnetDB.Core.Tests.SemanticContent.RagIngestionWriterTests.ResumeAsync_UnknownCheckpointVersion_RejectsBeforeProviderAndKeepsStaging [FAIL]
[xUnit.net 00:01:59.78]     SonnetDB.Core.Tests.SemanticContent.RagIngestionWriterTests.WriteAsync_EmptySnapshot_DeletesAllActiveDocumentAndDerivedHits [FAIL]
[xUnit.net 00:01:59.86]     SonnetDB.Core.Tests.SemanticContent.RagIngestionWriterTests.WriteAsync_ProviderHonorsDeadline_CancelsWithoutPublishing [FAIL]
[xUnit.net 00:01:59.95]     SonnetDB.Core.Tests.SemanticContent.RagIngestionWriterTests.ResumeAsync_FailureAfterAtomicPublish_ReturnsCommittedGenerationWithoutProviderReplay [FAIL]
[xUnit.net 00:02:00.01]     SonnetDB.Core.Tests.SemanticContent.RagIngestionWriterTests.WriteAsync_InvalidVector_LeavesActiveVersionAndDoesNotRetry(nonFinite: True) [FAIL]
[xUnit.net 00:02:00.09]     SonnetDB.Core.Tests.SemanticContent.RagIngestionWriterTests.WriteAsync_InvalidVector_LeavesActiveVersionAndDoesNotRetry(nonFinite: False) [FAIL]
[xUnit.net 00:02:00.16]     SonnetDB.Core.Tests.SemanticContent.RagIngestionWriterTests.DiscardPendingAsync_PublishedJobBecomesRetired_DoesNotDeletePublishedResources [FAIL]
[xUnit.net 00:02:04.47]     SonnetDB.Core.Tests.Backup.MigrationServiceTests.ExportScanChecksumImport_PreservesMultiModelData [FAIL]
[xUnit.net 00:02:23.28]     SonnetDB.Core.Tests.Modbus.ModbusCatalogTests.Backup_CreateRestoreReopen_PreservesModbusCatalog [FAIL]
[xUnit.net 00:02:28.25]     SonnetDB.Core.Tests.Modbus.ModbusConcurrencyTests.Backup_DuringMappedCreate_RestoresSingleSchemaSnapshot [FAIL]
[xUnit.net 00:03:13.13]     SonnetDB.Core.Tests.SemanticContent.RagGovernanceBackupTests.Rebuild_MissingDerivedCollection_ReconstructsFromPersistedSnapshot [FAIL]
[xUnit.net 00:03:13.20]     SonnetDB.Core.Tests.SemanticContent.RagGovernanceBackupTests.Restore_BackupContainsInterruptedRebuild_ResumesFrozenTaskWithoutPublishingPartialGeneration [FAIL]
[xUnit.net 00:03:13.28]     SonnetDB.Core.Tests.SemanticContent.RagGovernanceBackupTests.Restore_ActiveSnapshotAndSourceObject_CanQueryAndUpgradeModelWithLeaseSafeCleanup [FAIL]
[xUnit.net 00:03:24.16]     SonnetDB.Core.Tests.Cli.RagCommandTests.Resume_AfterWriterFailure_UsesPersistedSnapshotAndPrecomputedVectors [FAIL]
[xUnit.net 00:03:24.23]     SonnetDB.Core.Tests.Cli.RagCommandTests.Ingest_CompleteSnapshot_PublishesSearchableDataAndIdempotentReplay [FAIL]
[xUnit.net 00:03:24.30]     SonnetDB.Core.Tests.Cli.RagCommandTests.Ingest_EmptyCompleteSnapshot_RemovesOldSearchResults [FAIL]
[xUnit.net 00:03:28.12]     SonnetDB.Core.Tests.SemanticContent.RagSqlResourceManagementTests.Execute_NormalDocumentSchemaMutation_PreservesPublishedRagCatalogAcrossReopen(sql: "DROP DOCUMENT COLLECTION visible_notes") [FAIL]
[xUnit.net 00:03:28.19]     SonnetDB.Core.Tests.SemanticContent.RagSqlResourceManagementTests.Execute_NormalDocumentSchemaMutation_PreservesPublishedRagCatalogAcrossReopen(sql: "CREATE DOCUMENT COLLECTION new_notes") [FAIL]
[xUnit.net 00:03:28.27]     SonnetDB.Core.Tests.SemanticContent.RagSqlResourceManagementTests.Execute_NormalDocumentSchemaMutation_PreservesPublishedRagCatalogAcrossReopen(sql: "CREATE JSON INDEX notes_text ON visible_notes ('$."···) [FAIL]
[xUnit.net 00:04:02.90]     SonnetDB.Core.Tests.Generations.DatabaseGenerationManagerTests.BackupRestore_PreservesActiveGenerationAndAllOwnedModels [FAIL]
