  正在确定要还原的项目…
  已还原 D:\source\SonnetDB\tests\SonnetDB.TriggerAdmission\SonnetDB.TriggerAdmission.csproj (用时 2.1 秒)。
  已还原 D:\source\SonnetDB\tests\SonnetDB.Studio.Tests\SonnetDB.Studio.Tests.csproj (用时 2.1 秒)。
  已还原 D:\source\SonnetDB\samples\SonnetDB.KvQuickstart\SonnetDB.KvQuickstart.csproj (用时 2.1 秒)。
  已还原 D:\source\SonnetDB\samples\SonnetDB.IndustrialDiagnostics\SonnetDB.IndustrialDiagnostics.csproj (用时 3 毫秒)。
  已还原 D:\source\SonnetDB\samples\SonnetDB.DocumentQuickstart\SonnetDB.DocumentQuickstart.csproj (用时 7 毫秒)。
  已还原 D:\source\SonnetDB\samples\SonnetDB.CdcStreamingJourney\SonnetDB.CdcStreamingJourney.csproj (用时 9 毫秒)。
  已还原 D:\source\SonnetDB\extensions\SonnetDB.Media\SonnetDB.Media.csproj (用时 6 毫秒)。
  已还原 D:\source\SonnetDB\samples\SonnetDB.EcosystemSample\SonnetDB.EcosystemSample.csproj (用时 40 毫秒)。
  已还原 D:\source\SonnetDB\tests\SonnetDB.Tests\SonnetDB.Tests.csproj (用时 2.22 秒)。
  已还原 D:\source\SonnetDB\tests\SonnetDB.EcosystemSoak\SonnetDB.EcosystemSoak.csproj (用时 10 毫秒)。
  已还原 D:\source\SonnetDB\extensions\SonnetDB.Caching.EasyCaching\SonnetDB.Caching.EasyCaching.csproj (用时 118 毫秒)。
  已还原 D:\source\SonnetDB\tests\SonnetDB.Core.Tests\SonnetDB.Core.Tests.csproj (用时 28 毫秒)。
  已还原 D:\source\SonnetDB\tests\SonnetDB.IoTSharpCompat.Tests\SonnetDB.IoTSharpCompat.Tests.csproj (用时 100 毫秒)。
  已还原 D:\source\SonnetDB\tests\SonnetDB.Benchmarks.Tests\Child\SonnetDB.Benchmarks.Tests.ProcessProbe.csproj (用时 3 毫秒)。
  已还原 D:\source\SonnetDB\tests\SonnetDB.Media.Tests\SonnetDB.Media.Tests.csproj (用时 13 毫秒)。
  已还原 D:\source\SonnetDB\tests\SonnetDB.LanguageServer.Tests\SonnetDB.LanguageServer.Tests.csproj (用时 8 毫秒)。
  已还原 D:\source\SonnetDB\src\SonnetDB\SonnetDB.csproj (用时 106 毫秒)。
  已还原 D:\source\SonnetDB\tests\SonnetDB.EntityFrameworkCore.Tests\SonnetDB.EntityFrameworkCore.Tests.csproj (用时 357 毫秒)。
  已还原 D:\source\SonnetDB\src\SonnetDB.Studio\SonnetDB.Studio.csproj (用时 4 毫秒)。
  已还原 D:\source\SonnetDB\src\SonnetDB.LanguageServer\SonnetDB.LanguageServer.csproj (用时 4 毫秒)。
  已还原 D:\source\SonnetDB\src\SonnetDB.Data\SonnetDB.Data.csproj (用时 6 毫秒)。
  已还原 D:\source\SonnetDB\src\SonnetDB.Core\SonnetDB.Core.csproj (用时 15 毫秒)。
  已还原 D:\source\SonnetDB\src\SonnetDB.EntityFrameworkCore\SonnetDB.EntityFrameworkCore.csproj (用时 50 毫秒)。
  已还原 D:\source\SonnetDB\src\SonnetDB.Cli\SonnetDB.Cli.csproj (用时 7 毫秒)。
  已还原 D:\source\SonnetDB\tests\SonnetDB.Accuracy.Tests\SonnetDB.Accuracy.Tests.csproj (用时 105 毫秒)。
  已还原 D:\source\SonnetDB\samples\SonnetDB.SemanticImages\SonnetDB.SemanticImages.csproj (用时 4 毫秒)。
  已还原 D:\source\SonnetDB\tests\SonnetDB.Benchmarks.Tests\SonnetDB.Benchmarks.Tests.csproj (用时 489 毫秒)。
  已还原 D:\source\SonnetDB\tests\SonnetDB.Benchmarks\SonnetDB.Benchmarks.csproj (用时 506 毫秒)。
  已还原 D:\source\SonnetDB\samples\SonnetDB.MediaSegments\SonnetDB.MediaSegments.csproj (用时 6 毫秒)。
  已还原 D:\source\SonnetDB\extensions\SonnetDB.Caching.Distributed\SonnetDB.Caching.Distributed.csproj (用时 12 毫秒)。
  已还原 D:\source\SonnetDB\extensions\MQTTnet.AspNetCore.Routing\Source\MQTTnet.AspNetCore.Routing.csproj (用时 28 毫秒)。
  已还原 D:\source\SonnetDB\extensions\IoTSharp.CoAP.NET\CoAP.NET\CoAP.NET.csproj (用时 33 毫秒)。
  已还原 D:\source\SonnetDB\eng\tools\connectors-release\connectors-release.csproj (用时 2 毫秒)。
  已还原 D:\source\SonnetDB\eng\benchmarks\start-benchmark-env\start-benchmark-env.csproj (用时 3 毫秒)。
  已还原 D:\source\SonnetDB\src\Testcontainers.SonnetDB\Testcontainers.SonnetDB.csproj (用时 287 毫秒)。
  已还原 D:\source\SonnetDB\eng\benchmarks\run-benchmarks\run-benchmarks.csproj (用时 3 毫秒)。
  已还原 D:\source\SonnetDB\extensions\IoTSharp.CoAP.NET\CoAP.NET.SourceGeneration\CoAP.NET.SourceGeneration.csproj (用时 115 毫秒)。
  已还原 D:\source\SonnetDB\extensions\MQTTnet.AspNetCore.Routing\SourceGeneration\MQTTnet.AspNetCore.Routing.SourceGeneration.csproj (用时 158 毫秒)。
  已还原 D:\source\SonnetDB\connectors\c\native\SonnetDB.Native\SonnetDB.Native.csproj (用时 15 毫秒)。
